// Jest Snapshot v1, https://goo.gl/fbAQLP

exports[`should render Panel component 1`] = `
Object {
  "asFragment": [Function],
  "baseElement": <body>
    <div>
      <div
        class="column col-6 col-xs-12"
      >
        <div
          class="panel"
        >
          <div
            class="panel-header text-center"
          >
            <figure
              class="avatar avatar-lg"
            >
              <figure
                class="avatar avatar-sm mx-2"
                data-initial="JS"
                style="background: rgb(87, 85, 217);"
              />
            </figure>
            <div
              class="panel-title h5 mt-10"
            >
              John Smith
            </div>
            <div
              class="panel-subtitle"
            >
              221 B Baker Street
            </div>
          </div>
          <nav
            class="panel-nav"
          >
            <ul
              class="tab tab-block"
            >
              <li
                class="tab-item active"
              >
                <a
                  href="#panels"
                >
                  Profile
                </a>
              </li>
              <li
                class="tab-item"
              >
                <a
                  href="#panels"
                >
                  Files
                </a>
              </li>
              <li
                class="tab-item"
              >
                <a
                  href="#panels"
                >
                  Tasks
                </a>
              </li>
            </ul>
          </nav>
          <div
            class="panel-body"
          >
            <div
              class="tile tile-centered"
            >
              <div
                class="tile-content"
              >
                <div
                  class="tile-title text-bold"
                >
                  E-mail
                </div>
                <div
                  class="tile-subtitle"
                >
                  bruce.banner@hulk.com
                </div>
              </div>
              <div
                class="tile-action"
              >
                <button
                  class="btn btn-link btn-action btn-lg tooltip tooltip-left"
                  data-tooltip="Edit E-mail"
                >
                  <i
                    class="icon icon-edit"
                  />
                </button>
              </div>
            </div>
            <div
              class="tile tile-centered"
            >
              <div
                class="tile-content"
              >
                <div
                  class="tile-title text-bold"
                >
                  Skype
                </div>
                <div
                  class="tile-subtitle"
                >
                  bruce.banner
                </div>
              </div>
              <div
                class="tile-action"
              >
                <button
                  class="btn btn-link btn-action btn-lg"
                >
                  <i
                    class="icon icon-edit"
                  />
                </button>
              </div>
            </div>
            <div
              class="tile tile-centered"
            >
              <div
                class="tile-content"
              >
                <div
                  class="tile-title text-bold"
                >
                  Location
                </div>
                <div
                  class="tile-subtitle"
                >
                  Dayton, Ohio
                </div>
              </div>
              <div
                class="tile-action"
              >
                <button
                  class="btn btn-link btn-action btn-lg"
                >
                  <i
                    class="icon icon-edit"
                  />
                </button>
              </div>
            </div>
          </div>
          <div
            class="panel-footer"
          >
            <button
              class="btn btn-primary btn-block"
            >
              Save
            </button>
          </div>
        </div>
      </div>
    </div>
  </body>,
  "container": <div>
    <div
      class="column col-6 col-xs-12"
    >
      <div
        class="panel"
      >
        <div
          class="panel-header text-center"
        >
          <figure
            class="avatar avatar-lg"
          >
            <figure
              class="avatar avatar-sm mx-2"
              data-initial="JS"
              style="background: rgb(87, 85, 217);"
            />
          </figure>
          <div
            class="panel-title h5 mt-10"
          >
            John Smith
          </div>
          <div
            class="panel-subtitle"
          >
            221 B Baker Street
          </div>
        </div>
        <nav
          class="panel-nav"
        >
          <ul
            class="tab tab-block"
          >
            <li
              class="tab-item active"
            >
              <a
                href="#panels"
              >
                Profile
              </a>
            </li>
            <li
              class="tab-item"
            >
              <a
                href="#panels"
              >
                Files
              </a>
            </li>
            <li
              class="tab-item"
            >
              <a
                href="#panels"
              >
                Tasks
              </a>
            </li>
          </ul>
        </nav>
        <div
          class="panel-body"
        >
          <div
            class="tile tile-centered"
          >
            <div
              class="tile-content"
            >
              <div
                class="tile-title text-bold"
              >
                E-mail
              </div>
              <div
                class="tile-subtitle"
              >
                bruce.banner@hulk.com
              </div>
            </div>
            <div
              class="tile-action"
            >
              <button
                class="btn btn-link btn-action btn-lg tooltip tooltip-left"
                data-tooltip="Edit E-mail"
              >
                <i
                  class="icon icon-edit"
                />
              </button>
            </div>
          </div>
          <div
            class="tile tile-centered"
          >
            <div
              class="tile-content"
            >
              <div
                class="tile-title text-bold"
              >
                Skype
              </div>
              <div
                class="tile-subtitle"
              >
                bruce.banner
              </div>
            </div>
            <div
              class="tile-action"
            >
              <button
                class="btn btn-link btn-action btn-lg"
              >
                <i
                  class="icon icon-edit"
                />
              </button>
            </div>
          </div>
          <div
            class="tile tile-centered"
          >
            <div
              class="tile-content"
            >
              <div
                class="tile-title text-bold"
              >
                Location
              </div>
              <div
                class="tile-subtitle"
              >
                Dayton, Ohio
              </div>
            </div>
            <div
              class="tile-action"
            >
              <button
                class="btn btn-link btn-action btn-lg"
              >
                <i
                  class="icon icon-edit"
                />
              </button>
            </div>
          </div>
        </div>
        <div
          class="panel-footer"
        >
          <button
            class="btn btn-primary btn-block"
          >
            Save
          </button>
        </div>
      </div>
    </div>
  </div>,
  "debug": [Function],
  "findAllByAltText": [Function],
  "findAllByDisplayValue": [Function],
  "findAllByLabelText": [Function],
  "findAllByPlaceholderText": [Function],
  "findAllByRole": [Function],
  "findAllByTestId": [Function],
  "findAllByText": [Function],
  "findAllByTitle": [Function],
  "findByAltText": [Function],
  "findByDisplayValue": [Function],
  "findByLabelText": [Function],
  "findByPlaceholderText": [Function],
  "findByRole": [Function],
  "findByTestId": [Function],
  "findByText": [Function],
  "findByTitle": [Function],
  "getAllByAltText": [Function],
  "getAllByDisplayValue": [Function],
  "getAllByLabelText": [Function],
  "getAllByPlaceholderText": [Function],
  "getAllByRole": [Function],
  "getAllByTestId": [Function],
  "getAllByText": [Function],
  "getAllByTitle": [Function],
  "getByAltText": [Function],
  "getByDisplayValue": [Function],
  "getByLabelText": [Function],
  "getByPlaceholderText": [Function],
  "getByRole": [Function],
  "getByTestId": [Function],
  "getByText": [Function],
  "getByTitle": [Function],
  "queryAllByAltText": [Function],
  "queryAllByDisplayValue": [Function],
  "queryAllByLabelText": [Function],
  "queryAllByPlaceholderText": [Function],
  "queryAllByRole": [Function],
  "queryAllByTestId": [Function],
  "queryAllByText": [Function],
  "queryAllByTitle": [Function],
  "queryByAltText": [Function],
  "queryByDisplayValue": [Function],
  "queryByLabelText": [Function],
  "queryByPlaceholderText": [Function],
  "queryByRole": [Function],
  "queryByTestId": [Function],
  "queryByText": [Function],
  "queryByTitle": [Function],
  "rerender": [Function],
  "unmount": [Function],
}
`;
