// Jest Snapshot v1, https://goo.gl/fbAQLP

exports[`should render App component 1`] = `
Object {
  "asFragment": [Function],
  "baseElement": <body>
    <div>
      <div
        class="container-fluid"
      >
        <div
          class="columns"
        >
          <div
            class="column col-12"
          >
            <header
              class="navbar bg-secondary"
            >
              <section
                class="navbar-section navbar-left"
              >
                <h3
                  class="m-0 mx-2"
                >
                  Navbar Title
                </h3>
              </section>
              <section
                class="navbar-section"
              >
                <span
                  class="badge"
                  data-badge="12"
                >
                  Notifications
                </span>
                <a
                  class="btn btn-link"
                  href="#link-1"
                >
                  Link 1
                </a>
                <a
                  class="btn btn-link"
                  href="#link-2"
                >
                  Link 2
                </a>
                <a
                  class="btn btn-link"
                  href="#link-3"
                >
                  Link 3
                </a>
                <figure
                  class="avatar avatar-sm mx-2"
                  data-initial="JS"
                  style="background: rgb(87, 85, 217);"
                />
              </section>
            </header>
            <div
              class="columns"
            >
              <div
                class="column col-12"
              >
                <ul
                  class="breadcrumb mx-2 bg-gray"
                >
                  <li
                    class="breadcrumb-item"
                  >
                    <a
                      class="tooltip"
                      data-tooltip="Home"
                      href="#breadcrumbs"
                    >
                      Home
                    </a>
                  </li>
                  <li
                    class="breadcrumb-item"
                  >
                    <a
                      class="tooltip"
                      data-tooltip="Settings"
                      href="#breadcrumbs"
                    >
                      Settings
                    </a>
                  </li>
                  <li
                    class="breadcrumb-item"
                  >
                    <a
                      class="tooltip"
                      data-tooltip="Change avatar"
                      href="#breadcrumbs"
                    >
                      Change avatar
                    </a>
                  </li>
                </ul>
                <div
                  class="hero bg-gray text-center"
                >
                  <div
                    class="hero-body"
                  >
                    <h1>
                      Hero Title
                    </h1>
                    <p>
                      Lorem ipsum dolor sit, amet consectetur adipisicing elit. Tempore, officiis laudantium.
                    </p>
                  </div>
                </div>
                <div
                  class="columns mx-2"
                >
                  <div
                    class="column col-6 col-md-12"
                  >
                    <h3>
                      Accordion
                    </h3>
                    <div
                      class="accordion"
                    >
                      <input
                        checked=""
                        class="d-none"
                        hidden=""
                        id="accordion-1"
                        name="accordion-radio"
                        readonly=""
                        type="radio"
                      />
                      <label
                        class="accordion-header c-hand"
                        for="accordion-2"
                      >
                        <i
                          class="icon icon-arrow-right mr-1"
                        />
                        Elements
                      </label>
                      <div
                        class="accordion-body"
                      >
                        <ul
                          class="menu menu-nav"
                        >
                          <li
                            class="menu-item"
                          >
                            <a
                              href="#accordions"
                            >
                              Element 1
                            </a>
                          </li>
                          <li
                            class="menu-item"
                          >
                            <a
                              href="#accordions"
                            >
                              Element 2
                            </a>
                          </li>
                        </ul>
                      </div>
                    </div>
                    <div
                      class="accordion"
                    >
                      <input
                        class="d-none"
                        id="accordion-2"
                        name="accordion-radio"
                        type="radio"
                      />
                      <label
                        class="accordion-header c-hand"
                        for="accordion-2"
                      >
                        <i
                          class="icon icon-arrow-right mr-1"
                        />
                        Layouts
                      </label>
                      <div
                        class="accordion-body"
                      >
                        <ul
                          class="menu menu-nav"
                        >
                          <li
                            class="menu-item"
                          >
                            <a
                              href="#accordions"
                            >
                              Layout 1
                            </a>
                          </li>
                          <li
                            class="menu-item"
                          >
                            <a
                              href="#accordions"
                            >
                              Layout 2
                            </a>
                          </li>
                        </ul>
                      </div>
                    </div>
                  </div>
                </div>
                <div
                  class="bar"
                >
                  <div
                    class="bar-item tooltip"
                    data-tooltip="25%"
                    role="progressbar"
                    style="width: 25%;"
                  >
                    25%
                  </div>
                  <div
                    class="bar-item tooltip"
                    data-tooltip="15%"
                    role="progressbar"
                    style="width: 15%; background: rgb(129, 127, 227);"
                  >
                    15%
                  </div>
                  <div
                    class="bar-item tooltip"
                    data-tooltip="10%"
                    role="progressbar"
                    style="width: 10%; background: rgb(170, 169, 235);"
                  >
                    10%
                  </div>
                  <div
                    class="bar-item tooltip"
                    data-tooltip="15%"
                    role="progressbar"
                    style="width: 15%;"
                  >
                    15%
                  </div>
                </div>
                <div
                  class="bar bar-slider"
                  style="margin-top: 50px;"
                >
                  <div
                    class="bar-item"
                    role="progressbar"
                    style="width: 25%;"
                  >
                    <button
                      class="bar-slider-btn btn"
                      role="slider"
                    />
                  </div>
                </div>
                <div
                  class="columns"
                >
                  <div
                    class="column col-4 col-mx-auto"
                  >
                    <div
                      class="card bg-gray"
                    >
                      <div
                        class="card-header"
                      >
                        <div
                          class="card-title h5"
                        >
                          Google
                        </div>
                        <div
                          class="card-subtitle text-gray"
                        >
                          Software and hardware
                        </div>
                      </div>
                      <div
                        class="card-body"
                      >
                        Organize the world’s information and make it universally accessible and useful.
                      </div>
                      <div
                        class="card-image"
                      >
                        <img
                          alt="OS X Yosemite"
                          class="img-responsive"
                          src="https://9to5mac.com/wp-content/uploads/sites/6/2014/08/yosemite.jpg?quality=82&strip=all"
                        />
                      </div>
                      <div
                        class="card-footer"
                      >
                        <a
                          class="btn btn-primary mx-2"
                          href="#cards"
                        >
                          Search
                        </a>
                        <a
                          class="btn btn-primary"
                          href="#cards"
                        >
                          Share
                        </a>
                      </div>
                    </div>
                  </div>
                </div>
                <div
                  class="columns"
                  style="margin: 50px;"
                >
                  <div
                    class="column col-4 col-mx-auto"
                  >
                    <span
                      class="chip"
                    >
                      Item 1
                      <a
                        aria-label="Close"
                        class="btn btn-clear"
                        href="#"
                        role="button"
                      />
                    </span>
                    <span
                      class="chip"
                    >
                      Item 2
                      <a
                        aria-label="Close"
                        class="btn btn-clear"
                        href="#"
                        role="button"
                      />
                    </span>
                    <span
                      class="chip"
                    >
                      Item 3
                      <a
                        aria-label="Close"
                        class="btn btn-clear"
                        href="#"
                        role="button"
                      />
                    </span>
                  </div>
                </div>
                <div
                  class="columns"
                >
                  <div
                    class="column col-4 col-mx-auto"
                  >
                    <div
                      class="empty"
                    >
                      <div
                        class="empty-icon"
                      >
                        <i
                          class="icon icon-3x icon-mail"
                        />
                      </div>
                      <p
                        class="empty-title h5"
                      >
                        You've successfully signed up
                      </p>
                      <p
                        class="empty-subtitle"
                      >
                        Click the button to invite your friends
                      </p>
                      <div
                        class="empty-action"
                      >
                        <button
                          class="btn btn-primary"
                        >
                          Invite your friends
                        </button>
                      </div>
                      <div
                        class="empty-action"
                      >
                        <button
                          class="btn btn-link"
                        >
                          Skip
                        </button>
                      </div>
                    </div>
                  </div>
                </div>
                <div
                  class="columns"
                >
                  <div
                    class="column col-4 col-xs-12"
                  >
                    <ul
                      class="menu"
                    >
                      <li
                        class="menu-item"
                      >
                        <div
                          class="tile tile-centered"
                        >
                          <div
                            class="tile-icon"
                          >
                            <figure
                              class="avatar avatar-sm mx-2"
                              data-initial="JS"
                              style="background: rgb(87, 85, 217);"
                            />
                          </div>
                          <div
                            class="tile-content"
                          >
                            John Smith
                          </div>
                        </div>
                      </li>
                      <li
                        class="divider"
                      />
                      <li
                        class="menu-item"
                      >
                        <a
                          class="active"
                          href="#menus"
                        >
                          My profile
                        </a>
                        <div
                          class="menu-badge"
                        >
                          <label
                            class="form-checkbox"
                          >
                            <input
                              type="checkbox"
                            />
                            <i
                              class="form-icon"
                            />
                            Public
                          </label>
                        </div>
                      </li>
                      <li
                        class="menu-item"
                      >
                        <a
                          href="#menus"
                        >
                          Settings
                        </a>
                        <div
                          class="menu-badge"
                        >
                          <label
                            class="label label-primary"
                          >
                            2
                          </label>
                        </div>
                      </li>
                      <li
                        class="menu-item"
                      >
                        <a
                          href="#menus"
                        >
                          Logout
                        </a>
                      </li>
                    </ul>
                  </div>
                  <div
                    class="column col-4 col-xs-12"
                  >
                    <ul
                      class="menu"
                    >
                      <li
                        class="divider"
                        data-content="LINKS"
                      />
                      <li
                        class="menu-item"
                      >
                        <a
                          href="#menus"
                        >
                          Slack
                        </a>
                      </li>
                      <li
                        class="menu-item"
                      >
                        <a
                          href="#menus"
                        >
                          Hipchat
                        </a>
                      </li>
                      <li
                        class="menu-item"
                      >
                        <a
                          href="#menus"
                        >
                          Skype
                        </a>
                      </li>
                    </ul>
                  </div>
                  <div
                    class="column col-4 col-xs-12"
                  >
                    <ul
                      class="menu"
                    >
                      <li
                        class="menu-item"
                      >
                        <label
                          class="form-checkbox"
                        >
                          <input
                            readonly=""
                            type="checkbox"
                          />
                          <i
                            class="form-icon"
                          />
                           form-checkbox
                        </label>
                      </li>
                      <li
                        class="menu-item"
                      >
                        <label
                          class="form-radio"
                        >
                          <input
                            readonly=""
                            type="radio"
                          />
                          <i
                            class="form-icon"
                          />
                           form-radio
                        </label>
                      </li>
                      <li
                        class="menu-item"
                      >
                        <label
                          class="form-switch"
                        >
                          <input
                            readonly=""
                            type="checkbox"
                          />
                          <i
                            class="form-icon"
                          />
                           form-switch
                        </label>
                      </li>
                    </ul>
                  </div>
                </div>
                <div
                  class="column"
                  style="padding: 50px;"
                >
                  <a
                    class="btn btn-primary"
                    href="#example-modal-1"
                  >
                    Open Modal
                  </a>
                  <div
                    class="modal"
                    id="example-modal-1"
                  >
                    <a
                      aria-label="Close"
                      class="modal-overlay"
                      href="#modals"
                    />
                    <div
                      class="modal-container"
                      role="document"
                    >
                      <div
                        class="modal-header"
                      >
                        <a
                          aria-label="Close"
                          class="btn btn-clear float-right"
                          href="#modals"
                        />
                        <div
                          class="modal-title h5"
                        >
                          Modal title
                        </div>
                      </div>
                      <div
                        class="modal-body"
                      >
                        <div
                          class="content"
                        >
                          <p>
                            This is the content inside the modal.
                          </p>
                          <h4>
                            Lorem ipsum
                          </h4>
                          <p>
                            Lorem ipsum dolor sit amet, consectetur adipiscing elit. Praesent risus leo, dictum in vehicula sit amet, feugiat tempus tellus. Duis quis sodales risus. Etiam euismod ornare consequat.
                          </p>
                          <p>
                            Climb leg rub face on everything give attitude nap all day for under the bed. Chase mice attack feet but rub face on everything hopped up on goofballs.
                          </p>
                          <h4>
                            Cupcake ipsum
                          </h4>
                          <p>
                            Jelly-o sesame snaps halvah croissant oat cake cookie. Cheesecake bear claw topping. Chupa chups apple pie carrot cake chocolate cake caramels.
                          </p>
                          <p>
                            De braaaiiiins apocalypsi gorger omero prefrontal cortex undead survivor fornix dictum mauris. Hi brains mindless mortuis limbic cortex soulless creaturas optic nerve.
                          </p>
                          <h4>
                            Candy ipsum
                          </h4>
                          <p>
                            Efficiently unleash cross-media information without cross-media value. Quickly maximize timely deliverables for real-time schemas. Dramatically maintain clicks-and-mortar.
                          </p>
                          <p>
                            Caerphilly swiss fromage frais. Brie cheese and wine fromage frais chalk and cheese danish fontina smelly cheese who moved my cheese cow.
                          </p>
                        </div>
                      </div>
                      <div
                        class="modal-footer"
                      >
                        <button
                          class="btn btn-primary"
                        >
                          Share
                        </button>
                        <a
                          class="btn btn-link"
                          href="#modals"
                        >
                          Close
                        </a>
                      </div>
                    </div>
                  </div>
                </div>
              </div>
            </div>
          </div>
        </div>
      </div>
    </div>
  </body>,
  "container": <div>
    <div
      class="container-fluid"
    >
      <div
        class="columns"
      >
        <div
          class="column col-12"
        >
          <header
            class="navbar bg-secondary"
          >
            <section
              class="navbar-section navbar-left"
            >
              <h3
                class="m-0 mx-2"
              >
                Navbar Title
              </h3>
            </section>
            <section
              class="navbar-section"
            >
              <span
                class="badge"
                data-badge="12"
              >
                Notifications
              </span>
              <a
                class="btn btn-link"
                href="#link-1"
              >
                Link 1
              </a>
              <a
                class="btn btn-link"
                href="#link-2"
              >
                Link 2
              </a>
              <a
                class="btn btn-link"
                href="#link-3"
              >
                Link 3
              </a>
              <figure
                class="avatar avatar-sm mx-2"
                data-initial="JS"
                style="background: rgb(87, 85, 217);"
              />
            </section>
          </header>
          <div
            class="columns"
          >
            <div
              class="column col-12"
            >
              <ul
                class="breadcrumb mx-2 bg-gray"
              >
                <li
                  class="breadcrumb-item"
                >
                  <a
                    class="tooltip"
                    data-tooltip="Home"
                    href="#breadcrumbs"
                  >
                    Home
                  </a>
                </li>
                <li
                  class="breadcrumb-item"
                >
                  <a
                    class="tooltip"
                    data-tooltip="Settings"
                    href="#breadcrumbs"
                  >
                    Settings
                  </a>
                </li>
                <li
                  class="breadcrumb-item"
                >
                  <a
                    class="tooltip"
                    data-tooltip="Change avatar"
                    href="#breadcrumbs"
                  >
                    Change avatar
                  </a>
                </li>
              </ul>
              <div
                class="hero bg-gray text-center"
              >
                <div
                  class="hero-body"
                >
                  <h1>
                    Hero Title
                  </h1>
                  <p>
                    Lorem ipsum dolor sit, amet consectetur adipisicing elit. Tempore, officiis laudantium.
                  </p>
                </div>
              </div>
              <div
                class="columns mx-2"
              >
                <div
                  class="column col-6 col-md-12"
                >
                  <h3>
                    Accordion
                  </h3>
                  <div
                    class="accordion"
                  >
                    <input
                      checked=""
                      class="d-none"
                      hidden=""
                      id="accordion-1"
                      name="accordion-radio"
                      readonly=""
                      type="radio"
                    />
                    <label
                      class="accordion-header c-hand"
                      for="accordion-2"
                    >
                      <i
                        class="icon icon-arrow-right mr-1"
                      />
                      Elements
                    </label>
                    <div
                      class="accordion-body"
                    >
                      <ul
                        class="menu menu-nav"
                      >
                        <li
                          class="menu-item"
                        >
                          <a
                            href="#accordions"
                          >
                            Element 1
                          </a>
                        </li>
                        <li
                          class="menu-item"
                        >
                          <a
                            href="#accordions"
                          >
                            Element 2
                          </a>
                        </li>
                      </ul>
                    </div>
                  </div>
                  <div
                    class="accordion"
                  >
                    <input
                      class="d-none"
                      id="accordion-2"
                      name="accordion-radio"
                      type="radio"
                    />
                    <label
                      class="accordion-header c-hand"
                      for="accordion-2"
                    >
                      <i
                        class="icon icon-arrow-right mr-1"
                      />
                      Layouts
                    </label>
                    <div
                      class="accordion-body"
                    >
                      <ul
                        class="menu menu-nav"
                      >
                        <li
                          class="menu-item"
                        >
                          <a
                            href="#accordions"
                          >
                            Layout 1
                          </a>
                        </li>
                        <li
                          class="menu-item"
                        >
                          <a
                            href="#accordions"
                          >
                            Layout 2
                          </a>
                        </li>
                      </ul>
                    </div>
                  </div>
                </div>
              </div>
              <div
                class="bar"
              >
                <div
                  class="bar-item tooltip"
                  data-tooltip="25%"
                  role="progressbar"
                  style="width: 25%;"
                >
                  25%
                </div>
                <div
                  class="bar-item tooltip"
                  data-tooltip="15%"
                  role="progressbar"
                  style="width: 15%; background: rgb(129, 127, 227);"
                >
                  15%
                </div>
                <div
                  class="bar-item tooltip"
                  data-tooltip="10%"
                  role="progressbar"
                  style="width: 10%; background: rgb(170, 169, 235);"
                >
                  10%
                </div>
                <div
                  class="bar-item tooltip"
                  data-tooltip="15%"
                  role="progressbar"
                  style="width: 15%;"
                >
                  15%
                </div>
              </div>
              <div
                class="bar bar-slider"
                style="margin-top: 50px;"
              >
                <div
                  class="bar-item"
                  role="progressbar"
                  style="width: 25%;"
                >
                  <button
                    class="bar-slider-btn btn"
                    role="slider"
                  />
                </div>
              </div>
              <div
                class="columns"
              >
                <div
                  class="column col-4 col-mx-auto"
                >
                  <div
                    class="card bg-gray"
                  >
                    <div
                      class="card-header"
                    >
                      <div
                        class="card-title h5"
                      >
                        Google
                      </div>
                      <div
                        class="card-subtitle text-gray"
                      >
                        Software and hardware
                      </div>
                    </div>
                    <div
                      class="card-body"
                    >
                      Organize the world’s information and make it universally accessible and useful.
                    </div>
                    <div
                      class="card-image"
                    >
                      <img
                        alt="OS X Yosemite"
                        class="img-responsive"
                        src="https://9to5mac.com/wp-content/uploads/sites/6/2014/08/yosemite.jpg?quality=82&strip=all"
                      />
                    </div>
                    <div
                      class="card-footer"
                    >
                      <a
                        class="btn btn-primary mx-2"
                        href="#cards"
                      >
                        Search
                      </a>
                      <a
                        class="btn btn-primary"
                        href="#cards"
                      >
                        Share
                      </a>
                    </div>
                  </div>
                </div>
              </div>
              <div
                class="columns"
                style="margin: 50px;"
              >
                <div
                  class="column col-4 col-mx-auto"
                >
                  <span
                    class="chip"
                  >
                    Item 1
                    <a
                      aria-label="Close"
                      class="btn btn-clear"
                      href="#"
                      role="button"
                    />
                  </span>
                  <span
                    class="chip"
                  >
                    Item 2
                    <a
                      aria-label="Close"
                      class="btn btn-clear"
                      href="#"
                      role="button"
                    />
                  </span>
                  <span
                    class="chip"
                  >
                    Item 3
                    <a
                      aria-label="Close"
                      class="btn btn-clear"
                      href="#"
                      role="button"
                    />
                  </span>
                </div>
              </div>
              <div
                class="columns"
              >
                <div
                  class="column col-4 col-mx-auto"
                >
                  <div
                    class="empty"
                  >
                    <div
                      class="empty-icon"
                    >
                      <i
                        class="icon icon-3x icon-mail"
                      />
                    </div>
                    <p
                      class="empty-title h5"
                    >
                      You've successfully signed up
                    </p>
                    <p
                      class="empty-subtitle"
                    >
                      Click the button to invite your friends
                    </p>
                    <div
                      class="empty-action"
                    >
                      <button
                        class="btn btn-primary"
                      >
                        Invite your friends
                      </button>
                    </div>
                    <div
                      class="empty-action"
                    >
                      <button
                        class="btn btn-link"
                      >
                        Skip
                      </button>
                    </div>
                  </div>
                </div>
              </div>
              <div
                class="columns"
              >
                <div
                  class="column col-4 col-xs-12"
                >
                  <ul
                    class="menu"
                  >
                    <li
                      class="menu-item"
                    >
                      <div
                        class="tile tile-centered"
                      >
                        <div
                          class="tile-icon"
                        >
                          <figure
                            class="avatar avatar-sm mx-2"
                            data-initial="JS"
                            style="background: rgb(87, 85, 217);"
                          />
                        </div>
                        <div
                          class="tile-content"
                        >
                          John Smith
                        </div>
                      </div>
                    </li>
                    <li
                      class="divider"
                    />
                    <li
                      class="menu-item"
                    >
                      <a
                        class="active"
                        href="#menus"
                      >
                        My profile
                      </a>
                      <div
                        class="menu-badge"
                      >
                        <label
                          class="form-checkbox"
                        >
                          <input
                            type="checkbox"
                          />
                          <i
                            class="form-icon"
                          />
                          Public
                        </label>
                      </div>
                    </li>
                    <li
                      class="menu-item"
                    >
                      <a
                        href="#menus"
                      >
                        Settings
                      </a>
                      <div
                        class="menu-badge"
                      >
                        <label
                          class="label label-primary"
                        >
                          2
                        </label>
                      </div>
                    </li>
                    <li
                      class="menu-item"
                    >
                      <a
                        href="#menus"
                      >
                        Logout
                      </a>
                    </li>
                  </ul>
                </div>
                <div
                  class="column col-4 col-xs-12"
                >
                  <ul
                    class="menu"
                  >
                    <li
                      class="divider"
                      data-content="LINKS"
                    />
                    <li
                      class="menu-item"
                    >
                      <a
                        href="#menus"
                      >
                        Slack
                      </a>
                    </li>
                    <li
                      class="menu-item"
                    >
                      <a
                        href="#menus"
                      >
                        Hipchat
                      </a>
                    </li>
                    <li
                      class="menu-item"
                    >
                      <a
                        href="#menus"
                      >
                        Skype
                      </a>
                    </li>
                  </ul>
                </div>
                <div
                  class="column col-4 col-xs-12"
                >
                  <ul
                    class="menu"
                  >
                    <li
                      class="menu-item"
                    >
                      <label
                        class="form-checkbox"
                      >
                        <input
                          readonly=""
                          type="checkbox"
                        />
                        <i
                          class="form-icon"
                        />
                         form-checkbox
                      </label>
                    </li>
                    <li
                      class="menu-item"
                    >
                      <label
                        class="form-radio"
                      >
                        <input
                          readonly=""
                          type="radio"
                        />
                        <i
                          class="form-icon"
                        />
                         form-radio
                      </label>
                    </li>
                    <li
                      class="menu-item"
                    >
                      <label
                        class="form-switch"
                      >
                        <input
                          readonly=""
                          type="checkbox"
                        />
                        <i
                          class="form-icon"
                        />
                         form-switch
                      </label>
                    </li>
                  </ul>
                </div>
              </div>
              <div
                class="column"
                style="padding: 50px;"
              >
                <a
                  class="btn btn-primary"
                  href="#example-modal-1"
                >
                  Open Modal
                </a>
                <div
                  class="modal"
                  id="example-modal-1"
                >
                  <a
                    aria-label="Close"
                    class="modal-overlay"
                    href="#modals"
                  />
                  <div
                    class="modal-container"
                    role="document"
                  >
                    <div
                      class="modal-header"
                    >
                      <a
                        aria-label="Close"
                        class="btn btn-clear float-right"
                        href="#modals"
                      />
                      <div
                        class="modal-title h5"
                      >
                        Modal title
                      </div>
                    </div>
                    <div
                      class="modal-body"
                    >
                      <div
                        class="content"
                      >
                        <p>
                          This is the content inside the modal.
                        </p>
                        <h4>
                          Lorem ipsum
                        </h4>
                        <p>
                          Lorem ipsum dolor sit amet, consectetur adipiscing elit. Praesent risus leo, dictum in vehicula sit amet, feugiat tempus tellus. Duis quis sodales risus. Etiam euismod ornare consequat.
                        </p>
                        <p>
                          Climb leg rub face on everything give attitude nap all day for under the bed. Chase mice attack feet but rub face on everything hopped up on goofballs.
                        </p>
                        <h4>
                          Cupcake ipsum
                        </h4>
                        <p>
                          Jelly-o sesame snaps halvah croissant oat cake cookie. Cheesecake bear claw topping. Chupa chups apple pie carrot cake chocolate cake caramels.
                        </p>
                        <p>
                          De braaaiiiins apocalypsi gorger omero prefrontal cortex undead survivor fornix dictum mauris. Hi brains mindless mortuis limbic cortex soulless creaturas optic nerve.
                        </p>
                        <h4>
                          Candy ipsum
                        </h4>
                        <p>
                          Efficiently unleash cross-media information without cross-media value. Quickly maximize timely deliverables for real-time schemas. Dramatically maintain clicks-and-mortar.
                        </p>
                        <p>
                          Caerphilly swiss fromage frais. Brie cheese and wine fromage frais chalk and cheese danish fontina smelly cheese who moved my cheese cow.
                        </p>
                      </div>
                    </div>
                    <div
                      class="modal-footer"
                    >
                      <button
                        class="btn btn-primary"
                      >
                        Share
                      </button>
                      <a
                        class="btn btn-link"
                        href="#modals"
                      >
                        Close
                      </a>
                    </div>
                  </div>
                </div>
              </div>
            </div>
          </div>
        </div>
      </div>
    </div>
  </div>,
  "debug": [Function],
  "findAllByAltText": [Function],
  "findAllByDisplayValue": [Function],
  "findAllByLabelText": [Function],
  "findAllByPlaceholderText": [Function],
  "findAllByRole": [Function],
  "findAllByTestId": [Function],
  "findAllByText": [Function],
  "findAllByTitle": [Function],
  "findByAltText": [Function],
  "findByDisplayValue": [Function],
  "findByLabelText": [Function],
  "findByPlaceholderText": [Function],
  "findByRole": [Function],
  "findByTestId": [Function],
  "findByText": [Function],
  "findByTitle": [Function],
  "getAllByAltText": [Function],
  "getAllByDisplayValue": [Function],
  "getAllByLabelText": [Function],
  "getAllByPlaceholderText": [Function],
  "getAllByRole": [Function],
  "getAllByTestId": [Function],
  "getAllByText": [Function],
  "getAllByTitle": [Function],
  "getByAltText": [Function],
  "getByDisplayValue": [Function],
  "getByLabelText": [Function],
  "getByPlaceholderText": [Function],
  "getByRole": [Function],
  "getByTestId": [Function],
  "getByText": [Function],
  "getByTitle": [Function],
  "queryAllByAltText": [Function],
  "queryAllByDisplayValue": [Function],
  "queryAllByLabelText": [Function],
  "queryAllByPlaceholderText": [Function],
  "queryAllByRole": [Function],
  "queryAllByTestId": [Function],
  "queryAllByText": [Function],
  "queryAllByTitle": [Function],
  "queryByAltText": [Function],
  "queryByDisplayValue": [Function],
  "queryByLabelText": [Function],
  "queryByPlaceholderText": [Function],
  "queryByRole": [Function],
  "queryByTestId": [Function],
  "queryByText": [Function],
  "queryByTitle": [Function],
  "rerender": [Function],
  "unmount": [Function],
}
`;
